[00m[37m[35m[01m/home/tristan/opt/cross/bin/x86_64-elf-gcc  -g -O1 -pipe -Wall -Wextra -finline-functions -std=gnu11 -ffreestanding -fno-stack-protector -fno-stack-check -fno-lto -fno-pie -fno-pic -m64 -march=x86-64 -mabi=sysv -mno-mmx -mno-sse2 -mno-red-zone -mcmodel=kernel -fms-extensions -MMD -I. -c src/lock_c.c -o src/lock_c.o[00m
[00m[37m[35m[01m/home/tristan/opt/cross/bin/x86_64-elf-gcc  -g -O1 -pipe -Wall -Wextra -finline-functions -std=gnu11 -ffreestanding -fno-stack-protector -fno-stack-check -fno-lto -fno-pie -fno-pic -m64 -march=x86-64 -mabi=sysv -mno-mmx -mno-sse2 -mno-red-zone -mcmodel=kernel -fms-extensions -MMD -I. -c src/memset.c -o src/memset.o[00m
[00m[37m[35m[01m/home/tristan/opt/cross/bin/x86_64-elf-gcc  -g -O1 -pipe -Wall -Wextra -finline-functions -std=gnu11 -ffreestanding -fno-stack-protector -fno-stack-check -fno-lto -fno-pie -fno-pic -m64 -march=x86-64 -mabi=sysv -mno-mmx -mno-sse2 -mno-red-zone -mcmodel=kernel -fms-extensions -MMD -I. -c src/sched.c -o src/sched.o[00m
[00m[37m[35m[01m/home/tristan/opt/cross/bin/x86_64-elf-gcc  -g -O1 -pipe -Wall -Wextra -finline-functions -std=gnu11 -ffreestanding -fno-stack-protector -fno-stack-check -fno-lto -fno-pie -fno-pic -m64 -march=x86-64 -mabi=sysv -mno-mmx -mno-sse2 -mno-red-zone -mcmodel=kernel -fms-extensions -MMD -I. -c src/proc.c -o src/proc.o[00m
[00m[37m[35m[01m/home/tristan/opt/cross/bin/x86_64-elf-gcc  -g -O1 -pipe -Wall -Wextra -finline-functions -std=gnu11 -ffreestanding -fno-stack-protector -fno-stack-check -fno-lto -fno-pie -fno-pic -m64 -march=x86-64 -mabi=sysv -mno-mmx -mno-sse2 -mno-red-zone -mcmodel=kernel -fms-extensions -MMD -I. -c src/panic.c -o src/panic.o[00m
[00m[37m[35m[01m/home/tristan/opt/cross/bin/x86_64-elf-gcc  -g -O1 -pipe -Wall -Wextra -finline-functions -std=gnu11 -ffreestanding -fno-stack-protector -fno-stack-check -fno-lto -fno-pie -fno-pic -m64 -march=x86-64 -mabi=sysv -mno-mmx -mno-sse2 -mno-red-zone -mcmodel=kernel -fms-extensions -MMD -I. -c src/time.c -o src/time.o[00m
[00m[37m[35m[01m/home/tristan/opt/cross/bin/x86_64-elf-gcc  -g -O1 -pipe -Wall -Wextra -finline-functions -std=gnu11 -ffreestanding -fno-stack-protector -fno-stack-check -fno-lto -fno-pie -fno-pic -m64 -march=x86-64 -mabi=sysv -mno-mmx -mno-sse2 -mno-red-zone -mcmodel=kernel -fms-extensions -MMD -I. -c src/kernel.c -o src/kernel.o[00m
[00m[37m[35m[01m/home/tristan/opt/cross/bin/x86_64-elf-gcc  -g -O1 -pipe -Wall -Wextra -finline-functions -std=gnu11 -ffreestanding -fno-stack-protector -fno-stack-check -fno-lto -fno-pie -fno-pic -m64 -march=x86-64 -mabi=sysv -mno-mmx -mno-sse2 -mno-red-zone -mcmodel=kernel -fms-extensions -MMD -I. -c src/idt.c -o src/idt.o[00m
[00m[37m[35m[01m/home/tristan/opt/cross/bin/x86_64-elf-gcc  -g -O1 -pipe -Wall -Wextra -finline-functions -std=gnu11 -ffreestanding -fno-stack-protector -fno-stack-check -fno-lto -fno-pie -fno-pic -m64 -march=x86-64 -mabi=sysv -mno-mmx -mno-sse2 -mno-red-zone -mcmodel=kernel -fms-extensions -MMD -I. -c src/cpuUtils.c -o src/cpuUtils.o[00m
[00m[37m[35m[01m/home/tristan/opt/cross/bin/x86_64-elf-gcc  -g -O1 -pipe -Wall -Wextra -finline-functions -std=gnu11 -ffreestanding -fno-stack-protector -fno-stack-check -fno-lto -fno-pie -fno-pic -m64 -march=x86-64 -mabi=sysv -mno-mmx -mno-sse2 -mno-red-zone -mcmodel=kernel -fms-extensions -MMD -I. -c src/strlen.c -o src/strlen.o[00m
[00m[37m[35m[01m/home/tristan/opt/cross/bin/x86_64-elf-gcc  -g -O1 -pipe -Wall -Wextra -finline-functions -std=gnu11 -ffreestanding -fno-stack-protector -fno-stack-check -fno-lto -fno-pie -fno-pic -m64 -march=x86-64 -mabi=sysv -mno-mmx -mno-sse2 -mno-red-zone -mcmodel=kernel -fms-extensions -MMD -I. -c src/memcmp.c -o src/memcmp.o[00m
[00m[37m[35m[01m/home/tristan/opt/cross/bin/x86_64-elf-gcc  -g -O1 -pipe -Wall -Wextra -finline-functions -std=gnu11 -ffreestanding -fno-stack-protector -fno-stack-check -fno-lto -fno-pie -fno-pic -m64 -march=x86-64 -mabi=sysv -mno-mmx -mno-sse2 -mno-red-zone -mcmodel=kernel -fms-extensions -MMD -I. -c src/strncpy.c -o src/strncpy.o[00m
[00m[37m[35m[01m/home/tristan/opt/cross/bin/x86_64-elf-gcc  -g -O1 -pipe -Wall -Wextra -finline-functions -std=gnu11 -ffreestanding -fno-stack-protector -fno-stack-check -fno-lto -fno-pie -fno-pic -m64 -march=x86-64 -mabi=sysv -mno-mmx -mno-sse2 -mno-red-zone -mcmodel=kernel -fms-extensions -MMD -I. -c src/interrupts.c -o src/interrupts.o[00m
[00m[37m[35m[01m/home/tristan/opt/cross/bin/x86_64-elf-gcc  -g -O1 -pipe -Wall -Wextra -finline-functions -std=gnu11 -ffreestanding -fno-stack-protector -fno-stack-check -fno-lto -fno-pie -fno-pic -m64 -march=x86-64 -mabi=sysv -mno-mmx -mno-sse2 -mno-red-zone -mcmodel=kernel -fms-extensions -MMD -I. -c src/paging.c -o src/paging.o[00m
[00m[37m[35m[01m/home/tristan/opt/cross/bin/x86_64-elf-gcc  -g -O1 -pipe -Wall -Wextra -finline-functions -std=gnu11 -ffreestanding -fno-stack-protector -fno-stack-check -fno-lto -fno-pie -fno-pic -m64 -march=x86-64 -mabi=sysv -mno-mmx -mno-sse2 -mno-red-zone -mcmodel=kernel -fms-extensions -MMD -I. -c src/mm/kmalloc.c -o src/mm/kmalloc.o[00m
[00m[37m[35m[01m/home/tristan/opt/cross/bin/x86_64-elf-gcc  -g -O1 -pipe -Wall -Wextra -finline-functions -std=gnu11 -ffreestanding -fno-stack-protector -fno-stack-check -fno-lto -fno-pie -fno-pic -m64 -march=x86-64 -mabi=sysv -mno-mmx -mno-sse2 -mno-red-zone -mcmodel=kernel -fms-extensions -MMD -I. -c src/gdt.c -o src/gdt.o[00m
[00m[37m[35m[01m/home/tristan/opt/cross/bin/x86_64-elf-gcc  -g -O1 -pipe -Wall -Wextra -finline-functions -std=gnu11 -ffreestanding -fno-stack-protector -fno-stack-check -fno-lto -fno-pie -fno-pic -m64 -march=x86-64 -mabi=sysv -mno-mmx -mno-sse2 -mno-red-zone -mcmodel=kernel -fms-extensions -MMD -I. -c src/paging/paging_bootstrap.c -o src/paging/paging_bootstrap.o[00m
[00m[37m[33msrc/paging/paging_bootstrap.c[37m:[36m228[37m:1: warning: [32m'map_1g' defined but not used [-Wunused-function]
[00m[37m[33m[01m  228 | map_1g(struct page_table *pml4, uint64_t va, uint64_t pa, uint64_t flags)
[00m[37m[00m[37m[33m[01m      | ^~~~~~
[00m[37m[00m[37m[35m[01m/home/tristan/opt/cross/bin/x86_64-elf-gcc  -g -O1 -pipe -Wall -Wextra -finline-functions -std=gnu11 -ffreestanding -fno-stack-protector -fno-stack-check -fno-lto -fno-pie -fno-pic -m64 -march=x86-64 -mabi=sysv -mno-mmx -mno-sse2 -mno-red-zone -mcmodel=kernel -fms-extensions -MMD -I. -c src/int2srt.c -o src/int2srt.o[00m
[00m[37m[35m[01m/home/tristan/opt/cross/bin/x86_64-elf-gcc  -g -O1 -pipe -Wall -Wextra -finline-functions -std=gnu11 -ffreestanding -fno-stack-protector -fno-stack-check -fno-lto -fno-pie -fno-pic -m64 -march=x86-64 -mabi=sysv -mno-mmx -mno-sse2 -mno-red-zone -mcmodel=kernel -fms-extensions -MMD -I. -c src/io.c -o src/io.o[00m
[00m[37m[35m[01m/home/tristan/opt/cross/bin/x86_64-elf-gcc  -g -O1 -pipe -Wall -Wextra -finline-functions -std=gnu11 -ffreestanding -fno-stack-protector -fno-stack-check -fno-lto -fno-pie -fno-pic -m64 -march=x86-64 -mabi=sysv -mno-mmx -mno-sse2 -mno-red-zone -mcmodel=kernel -fms-extensions -MMD -I. -c src/shell.c -o src/shell.o[00m
[00m[37m[35m[01m/home/tristan/opt/cross/bin/x86_64-elf-gcc  -g -O1 -pipe -Wall -Wextra -finline-functions -std=gnu11 -ffreestanding -fno-stack-protector -fno-stack-check -fno-lto -fno-pie -fno-pic -m64 -march=x86-64 -mabi=sysv -mno-mmx -mno-sse2 -mno-red-zone -mcmodel=kernel -fms-extensions -MMD -I. -c src/str2int.c -o src/str2int.o[00m
[00m[37m[35m[01m/home/tristan/opt/cross/bin/x86_64-elf-gcc  -g -O1 -pipe -Wall -Wextra -finline-functions -std=gnu11 -ffreestanding -fno-stack-protector -fno-stack-check -fno-lto -fno-pie -fno-pic -m64 -march=x86-64 -mabi=sysv -mno-mmx -mno-sse2 -mno-red-zone -mcmodel=kernel -fms-extensions -MMD -I. -c src/pic.c -o src/pic.o[00m
[00m[37m[35m[01m/home/tristan/opt/cross/bin/x86_64-elf-gcc  -g -O1 -pipe -Wall -Wextra -finline-functions -std=gnu11 -ffreestanding -fno-stack-protector -fno-stack-check -fno-lto -fno-pie -fno-pic -m64 -march=x86-64 -mabi=sysv -mno-mmx -mno-sse2 -mno-red-zone -mcmodel=kernel -fms-extensions -MMD -I. -c src/putchar.c -o src/putchar.o[00m
[00m[37m[35m[01m/home/tristan/opt/cross/bin/x86_64-elf-gcc  -g -O1 -pipe -Wall -Wextra -finline-functions -std=gnu11 -ffreestanding -fno-stack-protector -fno-stack-check -fno-lto -fno-pie -fno-pic -m64 -march=x86-64 -mabi=sysv -mno-mmx -mno-sse2 -mno-red-zone -mcmodel=kernel -fms-extensions -MMD -I. -c src/strtok.c -o src/strtok.o[00m
[00m[37m[35m[01m/home/tristan/opt/cross/bin/x86_64-elf-gcc  -g -O1 -pipe -Wall -Wextra -finline-functions -std=gnu11 -ffreestanding -fno-stack-protector -fno-stack-check -fno-lto -fno-pie -fno-pic -m64 -march=x86-64 -mabi=sysv -mno-mmx -mno-sse2 -mno-red-zone -mcmodel=kernel -fms-extensions -MMD -I. -c src/cpu.c -o src/cpu.o[00m
[00m[37m[35m[01m/home/tristan/opt/cross/bin/x86_64-elf-gcc  -g -O1 -pipe -Wall -Wextra -finline-functions -std=gnu11 -ffreestanding -fno-stack-protector -fno-stack-check -fno-lto -fno-pie -fno-pic -m64 -march=x86-64 -mabi=sysv -mno-mmx -mno-sse2 -mno-red-zone -mcmodel=kernel -fms-extensions -MMD -I. -c src/apic/ioapic.c -o src/apic/ioapic.o[00m
[00m[37m[35m[01m/home/tristan/opt/cross/bin/x86_64-elf-gcc  -g -O1 -pipe -Wall -Wextra -finline-functions -std=gnu11 -ffreestanding -fno-stack-protector -fno-stack-check -fno-lto -fno-pie -fno-pic -m64 -march=x86-64 -mabi=sysv -mno-mmx -mno-sse2 -mno-red-zone -mcmodel=kernel -fms-extensions -MMD -I. -c src/apic/lapic.c -o src/apic/lapic.o[00m
[00m[37m[35m[01m/home/tristan/opt/cross/bin/x86_64-elf-gcc  -g -O1 -pipe -Wall -Wextra -finline-functions -std=gnu11 -ffreestanding -fno-stack-protector -fno-stack-check -fno-lto -fno-pie -fno-pic -m64 -march=x86-64 -mabi=sysv -mno-mmx -mno-sse2 -mno-red-zone -mcmodel=kernel -fms-extensions -MMD -I. -c src/printf.c -o src/printf.o[00m
[00m[37m[35m[01m/home/tristan/opt/cross/bin/x86_64-elf-gcc  -g -O1 -pipe -Wall -Wextra -finline-functions -std=gnu11 -ffreestanding -fno-stack-protector -fno-stack-check -fno-lto -fno-pie -fno-pic -m64 -march=x86-64 -mabi=sysv -mno-mmx -mno-sse2 -mno-red-zone -mcmodel=kernel -fms-extensions -MMD -I. -c src/acpi/madt.c -o src/acpi/madt.o[00m
[00m[37m[35m[01m/home/tristan/opt/cross/bin/x86_64-elf-gcc  -g -O1 -pipe -Wall -Wextra -finline-functions -std=gnu11 -ffreestanding -fno-stack-protector -fno-stack-check -fno-lto -fno-pie -fno-pic -m64 -march=x86-64 -mabi=sysv -mno-mmx -mno-sse2 -mno-red-zone -mcmodel=kernel -fms-extensions -MMD -I. -c src/acpi/acpi.c -o src/acpi/acpi.o[00m
[00m[37m[33mIn file included from src/acpi/../include/paging/frameallocator.h[37m:[36m2[37m,
[00m[37m[33m                 from src/acpi/acpi.c[37m:[36m6[37m:
[00m[37m[33msrc/acpi/../include/paging/../bitmap.h[37m: In function 'bitmap_get':
[00m[37m[33m[01msrc/acpi/../include/paging/../bitmap.h[37m:[36m18[37m:16: [37m[33m[01merror: 'total_pages' undeclared (first use in this function)
[00m[00m[37m[33m[01m   18 |     if (bit >= total_pages)
[00m[37m[00m[37m[33m[01m      |                ^~~~~~~~~~~
[00m[37m[00m[37m[33m[01msrc/acpi/../include/paging/../bitmap.h[37m:[36m18[37m:16: [37m[33m[01mnote: each undeclared identifier is reported only once for each function it appears in
[00m[00m[37m[33msrc/acpi/../include/paging/../bitmap.h[37m: In function 'bitmap_set':
[00m[37m[33m[01msrc/acpi/../include/paging/../bitmap.h[37m:[36m40[37m:16: [37m[33m[01merror: 'total_pages' undeclared (first use in this function)
[00m[00m[37m[33m[01m   40 |     if (bit >= total_pages)
[00m[37m[00m[37m[33m[01m      |                ^~~~~~~~~~~
[00m[37m[00m[37m[33m[01mmake[37m: *** [GNUmakefile:[36m111[37m: [37m[33m[01msrc/acpi/acpi.o] Error 1
[00m[00m